

Working Directory = /home/inf01185/felipe.bertoglio/CCI2/miniMIPS/synthesis
QoS Summary for minimips
========================================================================================
Metric                  generic    map        syn_opt    syn_opt_low_incr final     
========================================================================================
Slack (ps):              -1214.8     -230.1        0.0        0.0        0.0
  R2R (ps):              -1214.8     -230.1        0.0        0.0        0.0
  I2R (ps):               1418.5     1412.4     1404.9     1404.8     1404.8
  R2O (ps):             no_value   no_value   no_value   no_value   no_value
  I2O (ps):             no_value   no_value   no_value   no_value   no_value
  CG  (ps):                -93.7      478.0      386.3      386.3      386.3
TNS (ps):                 139613       4300          0          0          0
  R2R (ps):             139332.0     4300.0        0.0        0.0        0.0
  I2R (ps):                  0.0        0.0        0.0        0.0        0.0
  R2O (ps):             no_value   no_value   no_value   no_value   no_value
  I2O (ps):             no_value   no_value   no_value   no_value   no_value
  CG  (ps):                281.0        0.0        0.0        0.0        0.0
Failing Paths:               180         36          0          0          0
Area:                     423396     496961     491369     491323     491323
Instances:                 18776      25252      22974      22971      22971
Utilization (%):            0.00       0.00       0.00       0.00       0.00
Tot. Net Length (um):   no_value   no_value   no_value   no_value   no_value
Avg. Net Length (um):   no_value   no_value   no_value   no_value   no_value
Total Overflow H:              0          0          0          0          0
Total Overflow V:              0          0          0          0          0
Route Overflow H (%):   no_value   no_value   no_value   no_value   no_value
Route Overflow V (%):   no_value   no_value   no_value   no_value   no_value
========================================================================================
CPU  Runtime (m:s):        01:25      18:49      05:20      00:25      00:12
Real Runtime (m:s):        01:28      09:56      05:31      00:29      00:16
CPU  Elapsed (m:s):        01:35      20:24      25:44      26:09      26:21
Real Elapsed (m:s):        01:30      11:26      16:57      17:26      17:42
Memory (MB):              623.65     702.25     725.65     725.65     725.65
========================================================================================

========================================================================================
Flow Settings:
========================================================================================
Total Runtime (m:s): 17:44
Total Memory (MB):   725.65
Executable Version:  15.22
========================================================================================


